Reusing configuration cache.
> Task :app:preBuild UP-TO-DATE
> Task :app:generateDebugAssets UP-TO-DATE
> Task :app:generateReleaseAssets UP-TO-DATE
> Task :app:preDebugUnitTestBuild UP-TO-DATE
> Task :app:preDebugBuild UP-TO-DATE
> Task :app:preReleaseBuild UP-TO-DATE
> Task :app:preDebugAndroidTestBuild SKIPPED
> Task :app:extractProguardFiles UP-TO-DATE
> Task :app:mergeDebugNativeDebugMetadata NO-SOURCE
> Task :app:javaPreCompileDebug UP-TO-DATE
> Task :app:desugarDebugFileDependencies UP-TO-DATE
> Task :app:createDebugCompatibleScreenManifests UP-TO-DATE
> Task :app:mapDebugSourceSetPaths UP-TO-DATE
> Task :app:writeDebugAppMetadata UP-TO-DATE
> Task :app:writeDebugSigningConfigVersions UP-TO-DATE
> Task :app:mergeDebugAssets UP-TO-DATE
> Task :app:mergeReleaseJniLibFolders UP-TO-DATE
> Task :app:generateReleaseResources UP-TO-DATE
> Task :app:mergeDebugJniLibFolders UP-TO-DATE
> Task :app:javaPreCompileRelease UP-TO-DATE
> Task :app:generateDebugResources UP-TO-DATE
> Task :app:validateSigningDebug UP-TO-DATE
> Task :app:mapReleaseSourceSetPaths UP-TO-DATE
> Task :app:packageReleaseResources UP-TO-DATE
> Task :app:extractDeepLinksDebug UP-TO-DATE
> Task :app:createReleaseCompatibleScreenManifests UP-TO-DATE
> Task :app:checkReleaseAarMetadata UP-TO-DATE
> Task :app:checkDebugAarMetadata UP-TO-DATE
> Task :app:mergeReleaseStartupProfile UP-TO-DATE
> Task :app:checkReleaseDuplicateClasses UP-TO-DATE
> Task :app:desugarReleaseFileDependencies UP-TO-DATE
> Task :app:mergeDebugNativeLibs UP-TO-DATE
> Task :app:compressDebugAssets UP-TO-DATE
> Task :app:extractReleaseVersionControlInfo UP-TO-DATE
> Task :app:packageDebugResources UP-TO-DATE
> Task :app:mergeReleaseAssets UP-TO-DATE
> Task :app:processReleaseNavigationResources UP-TO-DATE
> Task :app:writeReleaseSigningConfigVersions UP-TO-DATE
> Task :app:mergeReleaseArtProfile UP-TO-DATE
> Task :app:stripDebugDebugSymbols UP-TO-DATE
> Task :app:processDebugNavigationResources UP-TO-DATE
> Task :app:mergeReleaseResources UP-TO-DATE
> Task :app:javaPreCompileDebugUnitTest UP-TO-DATE
> Task :app:mergeReleaseNativeLibs UP-TO-DATE
> Task :app:writeReleaseAppMetadata UP-TO-DATE
> Task :app:extractDeepLinksRelease UP-TO-DATE
> Task :app:checkDebugDuplicateClasses UP-TO-DATE
> Task :app:compileReleaseNavigationResources UP-TO-DATE
> Task :app:compressReleaseAssets UP-TO-DATE
> Task :app:compileDebugNavigationResources UP-TO-DATE
> Task :app:mergeLibDexDebug UP-TO-DATE
> Task :app:stripReleaseDebugSymbols UP-TO-DATE
> Task :app:mergeDebugResources UP-TO-DATE
> Task :app:parseReleaseLocalResources UP-TO-DATE
> Task :app:parseDebugLocalResources UP-TO-DATE
> Task :app:collectReleaseDependencies UP-TO-DATE
> Task :app:extractReleaseNativeSymbolTables UP-TO-DATE
> Task :app:generateDebugRFile UP-TO-DATE
> Task :app:generateReleaseRFile UP-TO-DATE
> Task :app:processReleaseMainManifest UP-TO-DATE
> Task :app:sdkReleaseDependencyData UP-TO-DATE
> Task :app:processDebugMainManifest UP-TO-DATE
> Task :app:mergeReleaseNativeDebugMetadata NO-SOURCE
> Task :app:mergeExtDexDebug UP-TO-DATE
> Task :app:processReleaseManifest UP-TO-DATE
> Task :app:mergeExtDexRelease UP-TO-DATE
> Task :app:processDebugManifest UP-TO-DATE
> Task :app:processReleaseManifestForPackage UP-TO-DATE
> Task :app:processDebugManifestForPackage UP-TO-DATE
> Task :app:processReleaseResources UP-TO-DATE
> Task :app:processDebugResources UP-TO-DATE
> Task :app:optimizeReleaseResources UP-TO-DATE

> Task :app:compileReleaseKotlin FAILED
.\gradlew : e: file:///C:/Users/luism/Desktop/AppControldeluz/app/src/main/java
/com/example/appcontroldeluz/data/CacheManager.kt:41:55 Unresolved reference 
'serializer'.
En línea: 1 Carácter: 1
+ .\gradlew build 2>&1 > build_output.txt; Get-Content build_output.txt ...
+ ~~~~~~~~~~~~~~~~~~~~~~~~~~~~~~~~~~~~~~~
    + CategoryInfo          : NotSpecified: (e: file:///C:/U...e 'serializer'. 
   :String) [], RemoteException
    + FullyQualifiedErrorId : NativeCommandError
 
e: file:///C:/Users/luism/Desktop/AppControldeluz/app/src/main/java/com/example
/appcontroldeluz/data/CacheManager.kt:71:33 Cannot infer type for this 
parameter. Specify it explicitly.
e: file:///C:/Users/luism/Desktop/AppControldeluz/app/src/main/java/com/example
/appcontroldeluz/data/CacheManager.kt:71:48 Argument type mismatch: actual 
type is 'List<CachedLight>', but 'SerializationStrategy<uninferred T (of fun 
<T> encodeToString)>' was expected.
e: file:///C:/Users/luism/Desktop/AppControldeluz/app/src/main/java/com/example
/appcontroldeluz/data/CacheManager.kt:71:48 No value passed for parameter 
'value'.
e: file:///C:/Users/luism/Desktop/AppControldeluz/app/src/main/java/com/example
/appcontroldeluz/data/CacheManager.kt:115:33 Cannot infer type for this 
parameter. Specify it explicitly.
e: file:///C:/Users/luism/Desktop/AppControldeluz/app/src/main/java/com/example
/appcontroldeluz/data/CacheManager.kt:115:48 Argument type mismatch: actual 
type is 'List<CachedRoom>', but 'SerializationStrategy<uninferred T (of fun 
<T> encodeToString)>' was expected.
e: file:///C:/Users/luism/Desktop/AppControldeluz/app/src/main/java/com/example
/appcontroldeluz/data/CacheManager.kt:115:48 No value passed for parameter 
'value'.

> Task :app:compileDebugKotlin FAILED
e: file:///C:/Users/luism/Desktop/AppControldeluz/app/src/main/java/com/example
/appcontroldeluz/data/CacheManager.kt:41:55 Unresolved reference 'serializer'.
e: file:///C:/Users/luism/Desktop/AppControldeluz/app/src/main/java/com/example
/appcontroldeluz/data/CacheManager.kt:71:33 Cannot infer type for this 
parameter. Specify it explicitly.
e: file:///C:/Users/luism/Desktop/AppControldeluz/app/src/main/java/com/example
/appcontroldeluz/data/CacheManager.kt:71:48 Argument type mismatch: actual 
type is 'List<CachedLight>', but 'SerializationStrategy<uninferred T (of fun 
<T> encodeToString)>' was expected.
e: file:///C:/Users/luism/Desktop/AppControldeluz/app/src/main/java/com/example
/appcontroldeluz/data/CacheManager.kt:71:48 No value passed for parameter 
'value'.
e: file:///C:/Users/luism/Desktop/AppControldeluz/app/src/main/java/com/example
/appcontroldeluz/data/CacheManager.kt:115:33 Cannot infer type for this 
parameter. Specify it explicitly.
e: file:///C:/Users/luism/Desktop/AppControldeluz/app/src/main/java/com/example
/appcontroldeluz/data/CacheManager.kt:115:48 Argument type mismatch: actual 
type is 'List<CachedRoom>', but 'SerializationStrategy<uninferred T (of fun 
<T> encodeToString)>' was expected.
e: file:///C:/Users/luism/Desktop/AppControldeluz/app/src/main/java/com/example
/appcontroldeluz/data/CacheManager.kt:115:48 No value passed for parameter 
'value'.

FAILURE: Build completed with 2 failures.

1: Task failed with an exception.
-----------
* What went wrong:
Execution failed for task ':app:compileReleaseKotlin'.
> A failure occurred while executing org.jetbrains.kotlin.compilerRunner.Gradle
CompilerRunnerWithWorkers$GradleKotlinCompilerWorkAction
   > Compilation error. See log for more details

* Try:
> Run with --stacktrace option to get the stack trace.
> Run with --info or --debug option to get more log output.
> Run with --scan to get full insights from a Build Scan (powered by 
Develocity).
> Get more help at https://help.gradle.org.
==============================================================================

2: Task failed with an exception.
-----------
* What went wrong:
Execution failed for task ':app:compileDebugKotlin'.
> A failure occurred while executing org.jetbrains.kotlin.compilerRunner.Gradle
CompilerRunnerWithWorkers$GradleKotlinCompilerWorkAction
   > Compilation error. See log for more details

* Try:
> Run with --stacktrace option to get the stack trace.
> Run with --info or --debug option to get more log output.
> Run with --scan to get full insights from a Build Scan (powered by 
Develocity).
> Get more help at https://help.gradle.org.
==============================================================================

BUILD FAILED in 2s
65 actionable tasks: 2 executed, 63 up-to-date
Configuration cache entry reused.
